// Jest Snapshot v1, https://goo.gl/fbAQLP

exports[`matches snapshot 1`] = `
<div
  className="container"
  style={
    Object {
      "justifyContent": "center",
    }
  }
>
  <nav
    style={
      Object {
        "display": "flex",
        "marginLeft": "15%",
        "marginTop": "25px",
      }
    }
  >
    <button
      className="btn btn-danger shadow"
      onClick={[Function]}
    >
      Prev
    </button>
    <button
      className="btn btn-success shadow ml-2 mr-5"
      onClick={[Function]}
    >
      Next
    </button>
    <span
      style={
        Object {
          "marginLeft": "50%",
        }
      }
    >
      <p
        style={
          Object {
            "fontSize": "20px",
            "fontWeight": "bold",
            "paddingTop": "10px",
          }
        }
      >
        Page 
        <span
          style={
            Object {
              "color": "red",
            }
          }
        >
          1
        </span>
         of 
      </p>
    </span>
  </nav>
  <div
    className="row"
    style={
      Object {
        "justifyContent": "center",
        "paddingTop": "10px",
        "width": "800",
      }
    }
  >
    <div
      className="card shadow p-5"
      style={
        Object {
          "marginBottom": "100px",
        }
      }
    >
      <div
        className="react-pdf__Document"
      >
        <div
          className="react-pdf__message react-pdf__message--loading"
        >
          Loading PDFâ€¦
        </div>
      </div>
    </div>
  </div>
</div>
`;
