// Jest Snapshot v1, https://goo.gl/fbAQLP

exports[`matches snapshot 1`] = `
<div
  className="container"
>
  <div
    className="base-container"
    style={
      Object {
        "alignItems": "center",
        "display": "flex",
        "flexDirection": "column",
        "marginTop": "100px",
      }
    }
  >
    <div
      className="card shadow"
      style={
        Object {
          "borderRadius": "20px",
          "height": "35rem",
          "width": "30rem",
        }
      }
    >
      <div
        className="content"
      >
        <div
          className="image"
          style={
            Object {
              "marginLeft": "25%",
              "marginTop": "40px",
            }
          }
        >
          <img
            alt="logo"
            src="forgot.png"
          />
        </div>
        <form
          onSubmit={[Function]}
          style={
            Object {
              "fontFamily": "cursive",
              "marginLeft": "10%",
              "width": "60%",
            }
          }
        >
          <div
            className="form-group mt-3 mb-4"
          >
            <label
              htmlFor="exampleInputPassword1"
            >
              Password
            </label>
            <input
              className="form-control"
              id="password"
              onChange={[Function]}
              placeholder="Password"
              required={true}
              type="password"
            />
          </div>
          <div
            className="form-group mt-2 "
          >
            <label
              htmlFor="exampleInputPassword"
            >
               Confirm Password
            </label>
            <input
              className="form-control"
              id="password2"
              onChange={[Function]}
              placeholder="confirm"
              required={true}
              type="password"
            />
            <button
              className="btn btn-danger shadow mt-4"
              data-testid="button"
              type="submit"
            >
              Reset 
            </button>
          </div>
        </form>
      </div>
      <div
        className="right-side"
      >
        <div
          className="inner-container"
        >
          <div
            className="text"
            style={
              Object {
                "marginLeft": "86%",
              }
            }
          >
            Forget Passwrd
          </div>
        </div>
      </div>
    </div>
  </div>
</div>
`;
