// Jest Snapshot v1, https://goo.gl/fbAQLP

exports[`matches snapshot 1`] = `
<div
  className="container-fluid"
  id="img"
  style={
    Object {
      "fontFamily": "cursive",
    }
  }
>
  <a
    href="/add"
    onClick={[Function]}
  >
    <button
      className="btn btn-warning shadow"
      data-testid="button"
      style={
        Object {
          "marginLeft": "45%",
          "marginTop": "12%",
        }
      }
      type="submit"
    >
      <span
        style={
          Object {
            "color": "white",
            "textDecoration": "none",
            "textShadow": "1px 1px 2px black",
          }
        }
      >
        Get Started
      </span>
    </button>
  </a>
  <h1
    data-testid="heading"
    style={
      Object {
        "color": "#8B4513",
        "fontFamily": "cursive",
        "fontSize": "3rem",
        "fontWeight": "bold",
        "paddingLeft": "50px",
        "paddingTop": "45vh",
        "textShadow": "1px 1px 2px black, 0 0 25px white, 0 0 5px white",
      }
    }
  >
    Create 
    <span
      style={
        Object {
          "color": "orange",
        }
      }
    >
      your own
    </span>
     To-Dos...
  </h1>
</div>
`;
